{"stack":"TypeError: Cannot set property query of [object Object] which has only a getter\n    at /home/vaibhav/Documents/myWorkspace/my-node-app/node_modules/xss-clean/src/index.js:10:20\n    at Layer.handleRequest (/home/vaibhav/Documents/myWorkspace/my-node-app/node_modules/router/lib/layer.js:152:17)\n    at trimPrefix (/home/vaibhav/Documents/myWorkspace/my-node-app/node_modules/router/index.js:342:13)\n    at /home/vaibhav/Documents/myWorkspace/my-node-app/node_modules/router/index.js:297:9\n    at processParams (/home/vaibhav/Documents/myWorkspace/my-node-app/node_modules/router/index.js:582:12)\n    at next (/home/vaibhav/Documents/myWorkspace/my-node-app/node_modules/router/index.js:291:5)\n    at urlencodedParser (/home/vaibhav/Documents/myWorkspace/my-node-app/node_modules/body-parser/lib/types/urlencoded.js:57:7)\n    at Layer.handleRequest (/home/vaibhav/Documents/myWorkspace/my-node-app/node_modules/router/lib/layer.js:152:17)\n    at trimPrefix (/home/vaibhav/Documents/myWorkspace/my-node-app/node_modules/router/index.js:342:13)\n    at /home/vaibhav/Documents/myWorkspace/my-node-app/node_modules/router/index.js:297:9\n    at processParams (/home/vaibhav/Documents/myWorkspace/my-node-app/node_modules/router/index.js:582:12)\n    at next (/home/vaibhav/Documents/myWorkspace/my-node-app/node_modules/router/index.js:291:5)\n    at /home/vaibhav/Documents/myWorkspace/my-node-app/node_modules/body-parser/lib/read.js:132:5\n    at AsyncResource.runInAsyncScope (node:async_hooks:214:14)\n    at invokeCallback (/home/vaibhav/Documents/myWorkspace/my-node-app/node_modules/raw-body/index.js:238:16)\n    at done (/home/vaibhav/Documents/myWorkspace/my-node-app/node_modules/raw-body/index.js:227:7)\n    at IncomingMessage.onEnd (/home/vaibhav/Documents/myWorkspace/my-node-app/node_modules/raw-body/index.js:287:7)\n    at IncomingMessage.emit (node:events:518:28)\n    at IncomingMessage.emit (node:domain:489:12)\n    at endReadableNT (node:internal/streams/readable:1698:12)\n    at processTicksAndRejections (node:internal/process/task_queues:90:21)","message":"Cannot set property query of [object Object] which has only a getter","statusCode":500,"isOperational":false}
{"stack":"TypeError: Cannot set property query of [object Object] which has only a getter\n    at /home/vaibhav/Documents/myWorkspace/my-node-app/node_modules/xss-clean/src/index.js:10:20\n    at Layer.handleRequest (/home/vaibhav/Documents/myWorkspace/my-node-app/node_modules/router/lib/layer.js:152:17)\n    at trimPrefix (/home/vaibhav/Documents/myWorkspace/my-node-app/node_modules/router/index.js:342:13)\n    at /home/vaibhav/Documents/myWorkspace/my-node-app/node_modules/router/index.js:297:9\n    at processParams (/home/vaibhav/Documents/myWorkspace/my-node-app/node_modules/router/index.js:582:12)\n    at next (/home/vaibhav/Documents/myWorkspace/my-node-app/node_modules/router/index.js:291:5)\n    at urlencodedParser (/home/vaibhav/Documents/myWorkspace/my-node-app/node_modules/body-parser/lib/types/urlencoded.js:57:7)\n    at Layer.handleRequest (/home/vaibhav/Documents/myWorkspace/my-node-app/node_modules/router/lib/layer.js:152:17)\n    at trimPrefix (/home/vaibhav/Documents/myWorkspace/my-node-app/node_modules/router/index.js:342:13)\n    at /home/vaibhav/Documents/myWorkspace/my-node-app/node_modules/router/index.js:297:9\n    at processParams (/home/vaibhav/Documents/myWorkspace/my-node-app/node_modules/router/index.js:582:12)\n    at next (/home/vaibhav/Documents/myWorkspace/my-node-app/node_modules/router/index.js:291:5)\n    at /home/vaibhav/Documents/myWorkspace/my-node-app/node_modules/body-parser/lib/read.js:132:5\n    at AsyncResource.runInAsyncScope (node:async_hooks:214:14)\n    at invokeCallback (/home/vaibhav/Documents/myWorkspace/my-node-app/node_modules/raw-body/index.js:238:16)\n    at done (/home/vaibhav/Documents/myWorkspace/my-node-app/node_modules/raw-body/index.js:227:7)\n    at IncomingMessage.onEnd (/home/vaibhav/Documents/myWorkspace/my-node-app/node_modules/raw-body/index.js:287:7)\n    at IncomingMessage.emit (node:events:518:28)\n    at IncomingMessage.emit (node:domain:489:12)\n    at endReadableNT (node:internal/streams/readable:1698:12)\n    at processTicksAndRejections (node:internal/process/task_queues:90:21)","message":"Cannot set property query of [object Object] which has only a getter","statusCode":500,"isOperational":false}
{"stack":"TypeError: Cannot set property query of [object Object] which has only a getter\n    at /home/vaibhav/Documents/myWorkspace/my-node-app/node_modules/xss-clean/src/index.js:10:20\n    at Layer.handleRequest (/home/vaibhav/Documents/myWorkspace/my-node-app/node_modules/router/lib/layer.js:152:17)\n    at trimPrefix (/home/vaibhav/Documents/myWorkspace/my-node-app/node_modules/router/index.js:342:13)\n    at /home/vaibhav/Documents/myWorkspace/my-node-app/node_modules/router/index.js:297:9\n    at processParams (/home/vaibhav/Documents/myWorkspace/my-node-app/node_modules/router/index.js:582:12)\n    at next (/home/vaibhav/Documents/myWorkspace/my-node-app/node_modules/router/index.js:291:5)\n    at urlencodedParser (/home/vaibhav/Documents/myWorkspace/my-node-app/node_modules/body-parser/lib/types/urlencoded.js:57:7)\n    at Layer.handleRequest (/home/vaibhav/Documents/myWorkspace/my-node-app/node_modules/router/lib/layer.js:152:17)\n    at trimPrefix (/home/vaibhav/Documents/myWorkspace/my-node-app/node_modules/router/index.js:342:13)\n    at /home/vaibhav/Documents/myWorkspace/my-node-app/node_modules/router/index.js:297:9\n    at processParams (/home/vaibhav/Documents/myWorkspace/my-node-app/node_modules/router/index.js:582:12)\n    at next (/home/vaibhav/Documents/myWorkspace/my-node-app/node_modules/router/index.js:291:5)\n    at /home/vaibhav/Documents/myWorkspace/my-node-app/node_modules/body-parser/lib/read.js:132:5\n    at AsyncResource.runInAsyncScope (node:async_hooks:214:14)\n    at invokeCallback (/home/vaibhav/Documents/myWorkspace/my-node-app/node_modules/raw-body/index.js:238:16)\n    at done (/home/vaibhav/Documents/myWorkspace/my-node-app/node_modules/raw-body/index.js:227:7)\n    at IncomingMessage.onEnd (/home/vaibhav/Documents/myWorkspace/my-node-app/node_modules/raw-body/index.js:287:7)\n    at IncomingMessage.emit (node:events:518:28)\n    at IncomingMessage.emit (node:domain:489:12)\n    at endReadableNT (node:internal/streams/readable:1698:12)\n    at processTicksAndRejections (node:internal/process/task_queues:90:21)","message":"Cannot set property query of [object Object] which has only a getter","statusCode":500,"isOperational":false}
{"stack":"TypeError: Cannot set property query of [object Object] which has only a getter\n    at /home/vaibhav/Documents/myWorkspace/my-node-app/node_modules/express-mongo-sanitize/index.js:113:18\n    at Array.forEach (<anonymous>)\n    at /home/vaibhav/Documents/myWorkspace/my-node-app/node_modules/express-mongo-sanitize/index.js:110:44\n    at Layer.handleRequest (/home/vaibhav/Documents/myWorkspace/my-node-app/node_modules/router/lib/layer.js:152:17)\n    at trimPrefix (/home/vaibhav/Documents/myWorkspace/my-node-app/node_modules/router/index.js:342:13)\n    at /home/vaibhav/Documents/myWorkspace/my-node-app/node_modules/router/index.js:297:9\n    at processParams (/home/vaibhav/Documents/myWorkspace/my-node-app/node_modules/router/index.js:582:12)\n    at next (/home/vaibhav/Documents/myWorkspace/my-node-app/node_modules/router/index.js:291:5)\n    at urlencodedParser (/home/vaibhav/Documents/myWorkspace/my-node-app/node_modules/body-parser/lib/types/urlencoded.js:57:7)\n    at Layer.handleRequest (/home/vaibhav/Documents/myWorkspace/my-node-app/node_modules/router/lib/layer.js:152:17)\n    at trimPrefix (/home/vaibhav/Documents/myWorkspace/my-node-app/node_modules/router/index.js:342:13)\n    at /home/vaibhav/Documents/myWorkspace/my-node-app/node_modules/router/index.js:297:9\n    at processParams (/home/vaibhav/Documents/myWorkspace/my-node-app/node_modules/router/index.js:582:12)\n    at next (/home/vaibhav/Documents/myWorkspace/my-node-app/node_modules/router/index.js:291:5)\n    at /home/vaibhav/Documents/myWorkspace/my-node-app/node_modules/body-parser/lib/read.js:132:5\n    at AsyncResource.runInAsyncScope (node:async_hooks:214:14)\n    at invokeCallback (/home/vaibhav/Documents/myWorkspace/my-node-app/node_modules/raw-body/index.js:238:16)\n    at done (/home/vaibhav/Documents/myWorkspace/my-node-app/node_modules/raw-body/index.js:227:7)\n    at IncomingMessage.onEnd (/home/vaibhav/Documents/myWorkspace/my-node-app/node_modules/raw-body/index.js:287:7)\n    at IncomingMessage.emit (node:events:518:28)\n    at IncomingMessage.emit (node:domain:489:12)\n    at endReadableNT (node:internal/streams/readable:1698:12)\n    at processTicksAndRejections (node:internal/process/task_queues:90:21)","message":"Cannot set property query of [object Object] which has only a getter","statusCode":500,"isOperational":false}
{"stack":"TypeError: Cannot set property query of [object Object] which has only a getter\n    at /home/vaibhav/Documents/myWorkspace/my-node-app/node_modules/express-mongo-sanitize/index.js:113:18\n    at Array.forEach (<anonymous>)\n    at /home/vaibhav/Documents/myWorkspace/my-node-app/node_modules/express-mongo-sanitize/index.js:110:44\n    at Layer.handleRequest (/home/vaibhav/Documents/myWorkspace/my-node-app/node_modules/router/lib/layer.js:152:17)\n    at trimPrefix (/home/vaibhav/Documents/myWorkspace/my-node-app/node_modules/router/index.js:342:13)\n    at /home/vaibhav/Documents/myWorkspace/my-node-app/node_modules/router/index.js:297:9\n    at processParams (/home/vaibhav/Documents/myWorkspace/my-node-app/node_modules/router/index.js:582:12)\n    at next (/home/vaibhav/Documents/myWorkspace/my-node-app/node_modules/router/index.js:291:5)\n    at urlencodedParser (/home/vaibhav/Documents/myWorkspace/my-node-app/node_modules/body-parser/lib/types/urlencoded.js:57:7)\n    at Layer.handleRequest (/home/vaibhav/Documents/myWorkspace/my-node-app/node_modules/router/lib/layer.js:152:17)\n    at trimPrefix (/home/vaibhav/Documents/myWorkspace/my-node-app/node_modules/router/index.js:342:13)\n    at /home/vaibhav/Documents/myWorkspace/my-node-app/node_modules/router/index.js:297:9\n    at processParams (/home/vaibhav/Documents/myWorkspace/my-node-app/node_modules/router/index.js:582:12)\n    at next (/home/vaibhav/Documents/myWorkspace/my-node-app/node_modules/router/index.js:291:5)\n    at /home/vaibhav/Documents/myWorkspace/my-node-app/node_modules/body-parser/lib/read.js:132:5\n    at AsyncResource.runInAsyncScope (node:async_hooks:214:14)\n    at invokeCallback (/home/vaibhav/Documents/myWorkspace/my-node-app/node_modules/raw-body/index.js:238:16)\n    at done (/home/vaibhav/Documents/myWorkspace/my-node-app/node_modules/raw-body/index.js:227:7)\n    at IncomingMessage.onEnd (/home/vaibhav/Documents/myWorkspace/my-node-app/node_modules/raw-body/index.js:287:7)\n    at IncomingMessage.emit (node:events:518:28)\n    at IncomingMessage.emit (node:domain:489:12)\n    at endReadableNT (node:internal/streams/readable:1698:12)\n    at processTicksAndRejections (node:internal/process/task_queues:90:21)","message":"Cannot set property query of [object Object] which has only a getter","statusCode":500,"isOperational":false}
{"stack":"TypeError: Cannot set property query of [object Object] which has only a getter\n    at /home/vaibhav/Documents/myWorkspace/my-node-app/node_modules/express-mongo-sanitize/index.js:113:18\n    at Array.forEach (<anonymous>)\n    at /home/vaibhav/Documents/myWorkspace/my-node-app/node_modules/express-mongo-sanitize/index.js:110:44\n    at Layer.handleRequest (/home/vaibhav/Documents/myWorkspace/my-node-app/node_modules/router/lib/layer.js:152:17)\n    at trimPrefix (/home/vaibhav/Documents/myWorkspace/my-node-app/node_modules/router/index.js:342:13)\n    at /home/vaibhav/Documents/myWorkspace/my-node-app/node_modules/router/index.js:297:9\n    at processParams (/home/vaibhav/Documents/myWorkspace/my-node-app/node_modules/router/index.js:582:12)\n    at next (/home/vaibhav/Documents/myWorkspace/my-node-app/node_modules/router/index.js:291:5)\n    at urlencodedParser (/home/vaibhav/Documents/myWorkspace/my-node-app/node_modules/body-parser/lib/types/urlencoded.js:57:7)\n    at Layer.handleRequest (/home/vaibhav/Documents/myWorkspace/my-node-app/node_modules/router/lib/layer.js:152:17)\n    at trimPrefix (/home/vaibhav/Documents/myWorkspace/my-node-app/node_modules/router/index.js:342:13)\n    at /home/vaibhav/Documents/myWorkspace/my-node-app/node_modules/router/index.js:297:9\n    at processParams (/home/vaibhav/Documents/myWorkspace/my-node-app/node_modules/router/index.js:582:12)\n    at next (/home/vaibhav/Documents/myWorkspace/my-node-app/node_modules/router/index.js:291:5)\n    at /home/vaibhav/Documents/myWorkspace/my-node-app/node_modules/body-parser/lib/read.js:132:5\n    at AsyncResource.runInAsyncScope (node:async_hooks:214:14)\n    at invokeCallback (/home/vaibhav/Documents/myWorkspace/my-node-app/node_modules/raw-body/index.js:238:16)\n    at done (/home/vaibhav/Documents/myWorkspace/my-node-app/node_modules/raw-body/index.js:227:7)\n    at IncomingMessage.onEnd (/home/vaibhav/Documents/myWorkspace/my-node-app/node_modules/raw-body/index.js:287:7)\n    at IncomingMessage.emit (node:events:518:28)\n    at IncomingMessage.emit (node:domain:489:12)\n    at endReadableNT (node:internal/streams/readable:1698:12)\n    at processTicksAndRejections (node:internal/process/task_queues:90:21)","message":"Cannot set property query of [object Object] which has only a getter","statusCode":500,"isOperational":false}
